---
source: src/asciiscript/tests.rs
expression: "render(r#\"layout {\n        window {\n            row gap:0 {\n                box \"F\" width:25 { text \"Panel F\" }\n                box \"G\" width:25 { text \"Panel G\" }\n            }\n            row gap:0 {\n                box \"C\" width:15 { text \"C\" }\n                box \"D\" width:20 { text \"D\" }\n                box \"E\" width:15 { text \"E\" }\n            }\n            row gap:0 {\n                box \"A\" width:25 { text \"Panel A\" }\n                box \"B\" width:25 { text \"Panel B\" }\n            }\n        }\n    }\"#).unwrap()"
---
+----------------------------------------------------+
|                                                    |
| +-- F ------------------++-- G ------------------+ |
| |                       ||                       | |
| | Panel F               || Panel G               | |
| |                       ||                       | |
| +-----------------------++-----------------------+ |
| +-- C --------++-- D -------------++-- E --------+ |
| |             ||                  ||             | |
| | C           || D                || E           | |
| |             ||                  ||             | |
| +-------------++------------------++-------------+ |
| +-- A ------------------++-- B ------------------+ |
| |                       ||                       | |
| | Panel A               || Panel B               | |
| |                       ||                       | |
| +-----------------------++-----------------------+ |
|                                                    |
+----------------------------------------------------+
