---
source: src/asciiscript/tests.rs
expression: "render(r#\"layout {\n        window {\n            row gap:0 { box \"A\" width:21 {} box \"B\" width:21 {} }\n            row gap:0 { box \"C\" width:21 {} box \"D\" width:21 {} }\n        }\n    }\"#).unwrap()"
---
+--------------------------------------------+
|                                            |
| +-- A --------------++-- B --------------+ |
| |                   ||                   | |
| |                   ||                   | |
| +-------------------++-------------------+ |
| +-- C --------------++-- D --------------+ |
| |                   ||                   | |
| |                   ||                   | |
| +-------------------++-------------------+ |
|                                            |
+--------------------------------------------+
