---
source: src/pipeline.rs
expression: dump(&docs)
---
=== added.txt [Added] lang=txt
@@ -0,0 +1,2 @@
   ·    1 |fresh
   ·    2 |file
=== deleted.txt [Deleted] lang=txt
@@ -1,2 +0,0 @@
   1    · |doomed
   2    · |content
=== main.rs [Modified] lang=rs
@@ -2,7 +2,7 @@ fn main() {
   2    2 |    let a = 1;
   3    3 |    let b = 2;
   4    4 |    let c = 3;
   5    · |    let d = 4;
   ·    5 |    let d = 40;
   6    6 |    let e = 5;
   7    7 |    println!("{}", a + b);
   8    8 |}
=== new_name.txt (from old_name.txt) [Renamed { similarity: 100 }] lang=txt
=== noeol.txt [Modified] lang=txt
@@ -1,2 +1,2 @@
   1    1 |alpha
   2    · |beta
   ·    2 |beta
