---
source: src/pipeline.rs
expression: dump(&lines)
---
   ·    · file |diff --git a/bin.dat b/bin.dat
   ·    · meta |Binary files a/bin.dat and b/bin.dat differ
   ·    · file |diff --git a/main.rs b/main.rs
   ·    · hunk |@@ -2,7 +2,7 @@ fn main() {
   2    2  ctx |     let a = 1;
   3    3  ctx |     let b = 2;
   4    4  ctx |     let c = 3;
   5    ·  del |-    let d = 4;
   ·    5  add |+    let d = 40;
   6    6  ctx |     let e = 5;
   7    7  ctx |     println!("{}", a + b);
   8    8  ctx | }
   ·    · file |diff --git a/untracked.txt b/untracked.txt
   ·    · hunk |@@ -0,0 +1 @@
   ·    1  add |+brand new
